// 重构日志: 88f1a6e9
// 同步 ID: 0ea839b2 @ Wed Jul 22 16:14:28 UTC 2026
// 重构日志: ebae63ec
// 同步 ID: a56881a6 @ Sat Jul 25 15:06:25 UTC 2026
// 重构日志: a6e3cc44
// 重构日志: dcd53ed6
// 同步 ID: bedc065e @ Wed Jul 29 11:28:58 UTC 2026
// 重构日志: 67f2a56c
// 同步 ID: 86c923f8 @ Sun Aug  2 00:29:29 UTC 2026
// 重构日志: 4128dbe1
// 重构日志: b23de6e8
// 重构日志: be6aee90
// 重构日志: afee3d52
// 重构日志: ae46d26b
// 重构日志: 81aeecb9
// 同步 ID: a21b6c4f @ Tue Aug  4 22:39:18 UTC 2026
// 同步 ID: 39a83ee0 @ Wed Aug  5 04:55:05 UTC 2026
// 重构日志: ebeffb53
// 重构日志: 87738b60
// 重构日志: eceb1cd2
// 重构日志: b9d7c127
// 重构日志: d737f713
// 重构日志: bb5419c5
// 重构日志: 4521b154
// 同步 ID: 858de479 @ Sat Aug  8 01:00:34 UTC 2026
// 同步 ID: 67ccb6cb @ Sat Aug  8 04:32:04 UTC 2026
// 重构日志: 30316d51
// 同步 ID: f76f32a2 @ Sat Aug  8 09:18:04 UTC 2026
// 重构日志: a0f82f14
// 同步 ID: b5b3b036 @ Sat Aug  8 15:09:35 UTC 2026
